$ npm run build
# certificationId=phase11-f15cece0c6784845-muzjnd5e
# candidateId=f15cece0c6784845acf939d7ef04fca1686fc54689b8bf5606139c31814acca0
# commit=7c1fdfc488664c365b4df6423d1b81c60e27ac22
# treeHash=4cdf59ff11007f8732b59ba8ddf1759ecaaf3e4d276fb89eff7f29d67025f283
# gate=build
# profile=CONTROLLED_LOCAL
# databaseConfigured=false
# realEffects=disabled
# exitCode=0 durationMs=12076


> cvg-claw@1.0.0 build
> npm run typecheck && npm run build:web


> cvg-claw@1.0.0 typecheck
> tsc -p tsconfig.typecheck.json --noEmit


> cvg-claw@1.0.0 build:web
> vite --config vite.config.mts build apps/web

[36mvite v8.2.2 [32mbuilding client environment for production...[36m[39m
transforming...
✓ 166 modules transformed.
rendering chunks...
computing gzip size...
apps/web/dist/index.html                   0.40 kB │ gzip:   0.27 kB
apps/web/dist/assets/index-D6AUeih4.css   30.57 kB │ gzip:   6.28 kB
apps/web/dist/assets/index-B8BMOsdI.js   405.28 kB │ gzip: 114.78 kB

[32m✓ built in 319ms[39m


