v22.23.2

> cvg-claw@1.0.0 certify:phase11
> node scripts/phase11-certify.mjs

{
  "certificationId": "phase11-72fa77fcda6fad8c-muv8q8tu",
  "candidateId": "72fa77fcda6fad8cfdc893e8341cd5a6d371e9b5b2b9ef5eaa274cf3ee076267",
  "commit": "dfe2c1dd992a96a55dd41f5c516352a82f587cbf",
  "treeHash": "d3c0ed467fd3ad307e8665678b54c092ff9255fb3354c36da0a96d656a105569",
  "decision": "CONDITIONAL_GO",
  "certification": "AAA_CANDIDATE",
  "eligibleProfile": "STAGING",
  "remainingBlockers": [
    "external_gate_pending:modelProvider:expected_VALIDATED_REAL:actual_NOT_VALIDATED",
    "external_gate_pending:channel:expected_VALIDATED_REAL:actual_NOT_VALIDATED",
    "external_gate_pending:externalIdentity:expected_VALIDATED_REAL:actual_NOT_VALIDATED",
    "external_gate_pending:institutionalRag:expected_VALIDATED_APPROVED:actual_NOT_VALIDATED",
    "external_gate_pending:rpoRto:expected_VALIDATED:actual_NOT_VALIDATED",
    "external_gate_pending:pilot:expected_PASS:actual_NOT_VALIDATED",
    "external_gate_pending:rollback:expected_PASS:actual_NOT_VALIDATED",
    "external_gate_pending:humanSignoff:expected_VALIDATED:actual_PENDING"
  ],
  "package": "certification/phase11",
  "currentPointer": "certification/current.json"
}
[phase11] decision=CONDITIONAL_GO certification=AAA_CANDIDATE certificationId=phase11-72fa77fcda6fad8c-muv8q8tu
npm notice
npm notice New major version of npm available! 10.9.8 -> 12.2.0
npm notice Changelog: https://github.com/npm/cli/releases/tag/v12.2.0
npm notice To update run: npm install -g npm@12.2.0
npm notice
certify exit 0
roles: 6
teardown done
