$ node scripts/phase11-2-evidence-check.mjs --critic
# certificationId=phase11-f15cece0c6784845-muznvvts
# candidateId=f15cece0c6784845acf939d7ef04fca1686fc54689b8bf5606139c31814acca0
# commit=7c1fdfc488664c365b4df6423d1b81c60e27ac22
# treeHash=4cdf59ff11007f8732b59ba8ddf1759ecaaf3e4d276fb89eff7f29d67025f283
# gate=independent_critic
# profile=CONTROLLED_LOCAL
# databaseConfigured=false
# realEffects=disabled
# exitCode=0 durationMs=396

{
  "schemaVersion": 1,
  "kind": "phase11-2-evidence-check",
  "mode": "critic",
  "status": "PASS",
  "syntheticOnly": true,
  "sideEffects": false,
  "checks": [
    {
      "id": "CRITIC:environment",
      "status": "PASS",
      "detail": "live candidate f15cece0c678@7c1fdfc48866"
    },
    {
      "id": "CRITIC:schema",
      "status": "PASS",
      "detail": "phase11-critic-report schema v1"
    },
    {
      "id": "CRITIC:binding",
      "status": "PASS",
      "detail": "f15cece0c678"
    },
    {
      "id": "CRITIC:fingerprint",
      "status": "PASS",
      "detail": "ffc25aad2f22"
    },
    {
      "id": "CRITIC:identity",
      "status": "PASS",
      "detail": "01a11bf1-fc38-7ec1-a0af-8603dfea9356 / Curie"
    },
    {
      "id": "CRITIC:independence",
      "status": "PASS",
      "detail": "fresh-context,separate-identity,artifact-only-input,no-worktree-write,no-builder-justification"
    },
    {
      "id": "CRITIC:builder_content",
      "status": "PASS",
      "detail": "no builder justification fields"
    },
    {
      "id": "CRITIC:artifacts",
      "status": "PASS",
      "detail": "38 artifact digest(s) verified"
    },
    {
      "id": "CRITIC:check_evidence",
      "status": "PASS",
      "detail": "6 check(s) cite declared artifacts"
    },
    {
      "id": "CRITIC:verdict",
      "status": "PASS",
      "detail": "PASS derived from checks"
    }
  ],
  "failures": []
}


