{
  "schemaVersion": 1,
  "kind": "aud19-documentation-check",
  "valid": true,
  "links": {
    "checked": 2840,
    "broken": []
  },
  "json": {
    "checked": 6940,
    "invalid": []
  },
  "states": {
    "declared": [
      "WAITING_HUMAN_APPROVAL",
      "READY_FOR_NEXT_STEP"
    ],
    "unexpected": []
  },
  "nextAction": {
    "valid": true,
    "reason": null,
    "runtimeStateAction": "obter autorização explícita para publicar o branch local 716bf465 e abrir PR draft, mantendo Verify em 40 minutos e merge futuro somente por merge commit; manter AUD06-11 e AUD06-14 sem aceite.",
    "currentIndexAction": "obter autorização explícita para publicar o branch local 716bf465 e abrir PR draft, mantendo Verify em 40 minutos e merge futuro somente por merge commit; manter AUD06-11 e AUD06-14 sem aceite."
  },
  "semantic": {
    "valid": true,
    "failures": [],
    "state": {
      "valid": true,
      "failures": []
    },
    "node": {
      "valid": true,
      "failures": []
    },
    "observedNode": "v22.23.2"
  }
}
