#0 building with "default" instance using docker driver

#1 [internal] load build definition from Dockerfile
#1 transferring dockerfile: 4.40kB done
#1 DONE 0.0s

#2 resolve image config for docker-image://docker.io/docker/dockerfile:1.7
#2 DONE 0.8s

#3 docker-image://docker.io/docker/dockerfile:1.7@sha256:a57df69d0ea827fb7266491f2813635de6f17269be881f696fbfdf2d83dda33e
#3 resolve docker.io/docker/dockerfile:1.7@sha256:a57df69d0ea827fb7266491f2813635de6f17269be881f696fbfdf2d83dda33e done
#3 CACHED

#4 [internal] load metadata for docker.io/library/node:22.23.2-trixie-slim@sha256:7b8a0c89c54499bee567618f96578e1a12a800f062fbdbfd1fb6a443fa6f6284
#4 DONE 0.7s

#5 [internal] load .dockerignore
#5 transferring context: 610B done
#5 DONE 0.0s

#6 [aud06-build 1/6] FROM docker.io/library/node:22.23.2-trixie-slim@sha256:7b8a0c89c54499bee567618f96578e1a12a800f062fbdbfd1fb6a443fa6f6284
#6 resolve docker.io/library/node:22.23.2-trixie-slim@sha256:7b8a0c89c54499bee567618f96578e1a12a800f062fbdbfd1fb6a443fa6f6284 done
#6 DONE 0.0s

#7 [internal] load build context
#7 transferring context: 2.93MB 0.1s done
#7 DONE 0.1s

#8 [aud06-build 2/6] WORKDIR /app
#8 CACHED

#9 [aud06-build 3/6] COPY package.json package-lock.json tsconfig.base.json tsconfig.json tsconfig.typecheck.json vite.config.mts ./
#9 CACHED

#10 [aud06-build 4/6] COPY apps ./apps
#10 DONE 0.0s

#11 [aud06-build 5/6] COPY packages ./packages
#11 DONE 0.1s

#12 [aud06-build 6/6] RUN npm ci --ignore-scripts && npm run build:web
#12 4.189 
#12 4.189 added 324 packages in 4s
#12 4.190 npm notice
#12 4.190 npm notice New major version of npm available! 10.9.8 -> 12.2.0
#12 4.190 npm notice Changelog: https://github.com/npm/cli/releases/tag/v12.2.0
#12 4.190 npm notice To update run: npm install -g npm@12.2.0
#12 4.190 npm notice
#12 4.335 
#12 4.335 > cvg-claw@1.0.0 build:web
#12 4.335 > vite --config vite.config.mts build apps/web
#12 4.335 
#12 4.509 vite v8.2.2 building client environment for production...
#12 4.518 transforming...
#12 4.579 ✓ 166 modules transformed.
#12 4.617 rendering chunks...
#12 4.662 computing gzip size...
#12 4.667 apps/web/dist/index.html                   0.40 kB │ gzip:   0.27 kB
#12 4.667 apps/web/dist/assets/index-D6AUeih4.css   30.57 kB │ gzip:   6.28 kB
#12 4.667 apps/web/dist/assets/index-B8BMOsdI.js   405.28 kB │ gzip: 114.78 kB
#12 4.667 
#12 4.667 ✓ built in 156ms
#12 DONE 5.0s

#13 [aud06-runtime 1/3] COPY scripts/lib/production-preflight-core.mjs ./scripts/lib/production-preflight-core.mjs
#13 DONE 0.1s

#14 [aud06-runtime 2/3] COPY scripts/aud06-migrate.ts scripts/aud06-stack-db.ts ./scripts/
#14 DONE 0.0s

#15 [aud06-runtime 3/3] RUN npm prune --omit=dev --ignore-scripts && npm cache clean --force
#15 0.921 
#15 0.921 up to date in 749ms
#15 1.001 npm warn using --force Recommended protections disabled.
#15 DONE 1.3s

#16 exporting to image
#16 exporting layers
#16 exporting layers 7.8s done
#16 exporting manifest sha256:2972c8312cd8791c0a05dba1ace0d09eec18efccdaf3470bef7289fbee0da57a done
#16 exporting config sha256:fc6bd5d7a2e4c56a5b733fd2f09b348a18bf0b77109483d9b9067b90e85a8fd6 done
#16 exporting attestation manifest sha256:8f966f1e0b67cd15e0bbe9d60f4f2df46606eb5c9c3b4e8356c7d98c4c8b3096 done
#16 exporting manifest list sha256:fe6b424b76e0fc870550e951629c260dacf75e0d5208ea7ad4ec491be972631a done
#16 naming to docker.io/library/cvg-aud06-stack-1791422392227-f517287933-runtime:synthetic done
#16 unpacking to docker.io/library/cvg-aud06-stack-1791422392227-f517287933-runtime:synthetic
#16 unpacking to docker.io/library/cvg-aud06-stack-1791422392227-f517287933-runtime:synthetic 2.4s done
#16 DONE 10.2s
