$ node scripts/phase11-2-redteam.mjs --suite=all
# certificationId=phase11-f15cece0c6784845-muznvvts
# candidateId=f15cece0c6784845acf939d7ef04fca1686fc54689b8bf5606139c31814acca0
# commit=7c1fdfc488664c365b4df6423d1b81c60e27ac22
# treeHash=4cdf59ff11007f8732b59ba8ddf1759ecaaf3e4d276fb89eff7f29d67025f283
# gate=adversarial_proof
# profile=CONTROLLED_LOCAL
# databaseConfigured=false
# realEffects=disabled
# exitCode=0 durationMs=85

{
  "schemaVersion": 1,
  "kind": "phase11-2-redteam",
  "suite": "all",
  "status": "PASS",
  "syntheticOnly": true,
  "checks": [
    {
      "id": "FALSE-GO-SCORES-100-MANDATORY-FAIL",
      "status": "PASS"
    },
    {
      "id": "NOT-EXECUTED-BLOCKS-GO",
      "status": "PASS"
    },
    {
      "id": "DIRTY-CANDIDATE-BLOCKS",
      "status": "PASS"
    },
    {
      "id": "PROFILE-ESCALATION-BLOCKS",
      "status": "PASS"
    },
    {
      "id": "NONZERO-PASS-BLOCKS",
      "status": "PASS"
    },
    {
      "id": "SIXTEEN-INVARIANTS-REQUIRED",
      "status": "PASS"
    },
    {
      "id": "FALSE-GO-EVAL-THRESHOLD-REDUCED",
      "status": "PASS"
    },
    {
      "id": "FALSE-GO-EVAL-SUCCESS-BELOW-CONTRACT",
      "status": "PASS"
    },
    {
      "id": "FALSE-GO-EVAL-DECLARED-THRESHOLD",
      "status": "PASS"
    },
    {
      "id": "FALSE-GO-EVAL-EVIDENCE-MISSING",
      "status": "PASS"
    },
    {
      "id": "TRACE-STAGES-COMPLETE",
      "status": "PASS"
    },
    {
      "id": "TRACE-ORDER-COMPLETE",
      "status": "PASS"
    },
    {
      "id": "MODEL-CANNOT-GRANT-AUTHORITY",
      "status": "PASS"
    },
    {
      "id": "CONTROLLED-KERNEL-HAS-NO-REAL-CAPABILITIES",
      "status": "PASS"
    },
    {
      "id": "TENANT-SCOPE-IS-EXPLICIT",
      "status": "PASS"
    },
    {
      "id": "OUTBOX-REPLAY-REVALIDATES",
      "status": "PASS"
    },
    {
      "id": "CANONICAL-PACKAGE-NOT-IGNORED",
      "status": "PASS"
    },
    {
      "id": "DEFAULT-COMMANDS-EXIST",
      "status": "PASS"
    },
    {
      "id": "PROMPT-SIX-SOURCE-INTEGRITY",
      "status": "PASS"
    }
  ]
}


