$ npm run build
# certificationId=phase11-72fa77fcda6fad8c-muv8q8tu
# candidateId=72fa77fcda6fad8cfdc893e8341cd5a6d371e9b5b2b9ef5eaa274cf3ee076267
# commit=dfe2c1dd992a96a55dd41f5c516352a82f587cbf
# treeHash=d3c0ed467fd3ad307e8665678b54c092ff9255fb3354c36da0a96d656a105569
# gate=build
# profile=CONTROLLED_LOCAL
# databaseConfigured=false
# realEffects=disabled
# exitCode=0 durationMs=12120


> cvg-claw@1.0.0 build
> npm run typecheck && npm run build:web


> cvg-claw@1.0.0 typecheck
> tsc -p tsconfig.typecheck.json --noEmit


> cvg-claw@1.0.0 build:web
> vite --config vite.config.mts build apps/web

[36mvite v8.2.2 [32mbuilding client environment for production...[36m[39m
transforming...
✓ 166 modules transformed.
rendering chunks...
computing gzip size...
apps/web/dist/index.html                   0.40 kB │ gzip:   0.27 kB
apps/web/dist/assets/index-D6AUeih4.css   30.57 kB │ gzip:   6.28 kB
apps/web/dist/assets/index-B8BMOsdI.js   405.28 kB │ gzip: 114.78 kB

[32m✓ built in 706ms[39m


