$ node scripts/phase11-bypass-audit.mjs
# certificationId=phase11-72fa77fcda6fad8c-muv8q8tu
# candidateId=72fa77fcda6fad8cfdc893e8341cd5a6d371e9b5b2b9ef5eaa274cf3ee076267
# commit=dfe2c1dd992a96a55dd41f5c516352a82f587cbf
# treeHash=d3c0ed467fd3ad307e8665678b54c092ff9255fb3354c36da0a96d656a105569
# gate=bypass_audit
# profile=CONTROLLED_LOCAL
# databaseConfigured=false
# realEffects=disabled
# exitCode=0 durationMs=40

{
  "schemaVersion": 1,
  "kind": "phase11-bypass-audit",
  "status": "PASS",
  "scannedFiles": 58,
  "findings": [],
  "allowedEffectBoundaries": [
    "packages/channel-gateway/src/adapters/",
    "packages/model-gateway/src/providers/",
    "packages/adapters/src/fake/"
  ],
  "allowedSqlWriteInfrastructure": [
    {
      "file": "apps/api/src/webhook-security.ts",
      "rationale": "webhook signature replay store (pre-kernel security boundary)"
    },
    {
      "file": "apps/api/src/operator-replay-store.ts",
      "rationale": "distributed operator token replay claims (pre-kernel security boundary)"
    }
  ],
  "note": "Application and worker entrypoints must route through the governed kernel; adapter implementations are the only outbound boundary. Comments are stripped before scanning so prose cannot create findings, and only the two named pre-kernel security stores may own direct SQL writes."
}


