$ node scripts/phase11-2-redteam.mjs --suite=certification && npm test -- --run apps/api/src/__tests__/aud17-connected-redteam.test.ts
# certificationId=phase11-72fa77fcda6fad8c-muv8q8tu
# candidateId=72fa77fcda6fad8cfdc893e8341cd5a6d371e9b5b2b9ef5eaa274cf3ee076267
# commit=dfe2c1dd992a96a55dd41f5c516352a82f587cbf
# treeHash=d3c0ed467fd3ad307e8665678b54c092ff9255fb3354c36da0a96d656a105569
# gate=certification_redteam
# profile=CONTROLLED_LOCAL
# databaseConfigured=false
# realEffects=disabled
# exitCode=0 durationMs=2226

{
  "schemaVersion": 1,
  "kind": "phase11-2-redteam",
  "suite": "certification",
  "status": "PASS",
  "syntheticOnly": true,
  "checks": [
    {
      "id": "FALSE-GO-SCORES-100-MANDATORY-FAIL",
      "status": "PASS"
    },
    {
      "id": "NOT-EXECUTED-BLOCKS-GO",
      "status": "PASS"
    },
    {
      "id": "DIRTY-CANDIDATE-BLOCKS",
      "status": "PASS"
    },
    {
      "id": "PROFILE-ESCALATION-BLOCKS",
      "status": "PASS"
    },
    {
      "id": "NONZERO-PASS-BLOCKS",
      "status": "PASS"
    },
    {
      "id": "SIXTEEN-INVARIANTS-REQUIRED",
      "status": "PASS"
    },
    {
      "id": "FALSE-GO-EVAL-THRESHOLD-REDUCED",
      "status": "PASS"
    },
    {
      "id": "FALSE-GO-EVAL-SUCCESS-BELOW-CONTRACT",
      "status": "PASS"
    },
    {
      "id": "FALSE-GO-EVAL-DECLARED-THRESHOLD",
      "status": "PASS"
    },
    {
      "id": "FALSE-GO-EVAL-EVIDENCE-MISSING",
      "status": "PASS"
    }
  ]
}

> cvg-claw@1.0.0 test
> vitest run --no-file-parallelism --maxWorkers=2 --run apps/api/src/__tests__/aud17-connected-redteam.test.ts


[1m[30m[46m RUN [49m[39m[22m [36mv4.1.11 [39m[90m/home/ricardo/cvg-claw[39m

 [32m✓[39m apps/api/src/__tests__/aud17-connected-redteam.test.ts [2m([22m[2m1 test[22m[2m)[22m[32m 115[2mms[22m[39m

[2m Test Files [22m [1m[32m1 passed[39m[22m[90m (1)[39m
[2m      Tests [22m [1m[32m1 passed[39m[22m[90m (1)[39m
[2m   Start at [22m 13:17:10
[2m   Duration [22m 1.72s[2m (transform 685ms, setup 0ms, import 957ms, tests 115ms, environment 544ms)[22m



