$ node scripts/phase11-2-redteam.mjs --suite=clone
# certificationId=phase11-f15cece0c6784845-muznvvts
# candidateId=f15cece0c6784845acf939d7ef04fca1686fc54689b8bf5606139c31814acca0
# commit=7c1fdfc488664c365b4df6423d1b81c60e27ac22
# treeHash=4cdf59ff11007f8732b59ba8ddf1759ecaaf3e4d276fb89eff7f29d67025f283
# gate=clone_verify
# profile=CONTROLLED_LOCAL
# databaseConfigured=false
# realEffects=disabled
# exitCode=0 durationMs=89

{
  "schemaVersion": 1,
  "kind": "phase11-2-redteam",
  "suite": "clone",
  "status": "PASS",
  "syntheticOnly": true,
  "checks": [
    {
      "id": "CANONICAL-PACKAGE-NOT-IGNORED",
      "status": "PASS"
    },
    {
      "id": "DEFAULT-COMMANDS-EXIST",
      "status": "PASS"
    }
  ]
}


