$ node scripts/phase11-2-evidence-check.mjs --reports
# certificationId=phase11-f15cece0c6784845-muznvvts
# candidateId=f15cece0c6784845acf939d7ef04fca1686fc54689b8bf5606139c31814acca0
# commit=7c1fdfc488664c365b4df6423d1b81c60e27ac22
# treeHash=4cdf59ff11007f8732b59ba8ddf1759ecaaf3e4d276fb89eff7f29d67025f283
# gate=evidence_reports
# profile=CONTROLLED_LOCAL
# databaseConfigured=false
# realEffects=disabled
# exitCode=0 durationMs=95

{
  "schemaVersion": 1,
  "kind": "phase11-2-evidence-check",
  "mode": "reports",
  "status": "PASS",
  "syntheticOnly": true,
  "sideEffects": false,
  "checks": [
    {
      "id": "REPORTS:schema",
      "status": "PASS",
      "detail": "10 report(s)"
    },
    {
      "id": "REPORTS:docs/phase11/PHASE11_2_DELTA_AUDIT.md",
      "status": "PASS",
      "detail": "PARTIAL; controlled-local; no production claim; 0 artifact(s) verified"
    },
    {
      "id": "REPORTS:docs/phase11/PHASE11_FORMAL_CLOSURE.md",
      "status": "PASS",
      "detail": "PASS; controlled-local; no production claim; 0 artifact(s) verified"
    },
    {
      "id": "REPORTS:docs/phase11/PHASE11_ORCHESTRATOR_PROOF.md",
      "status": "PASS",
      "detail": "PASS; controlled-local; no production claim; 0 artifact(s) verified"
    },
    {
      "id": "REPORTS:docs/phase11/PHASE11_SECURITY_REVIEW.md",
      "status": "PASS",
      "detail": "PASS; controlled-local; no production claim; 0 artifact(s) verified"
    },
    {
      "id": "REPORTS:docs/phase11/PHASE11_ADVERSARIAL_REPORT.md",
      "status": "PASS",
      "detail": "PASS; controlled-local; no production claim; 0 artifact(s) verified"
    },
    {
      "id": "REPORTS:docs/phase11/PHASE11_RECOVERY_REPORT.md",
      "status": "PASS",
      "detail": "PASS; controlled-local; no production claim; 0 artifact(s) verified"
    },
    {
      "id": "REPORTS:docs/phase11/PHASE11_CHAOS_REPORT.md",
      "status": "PASS",
      "detail": "PASS; controlled-local; no production claim; 0 artifact(s) verified"
    },
    {
      "id": "REPORTS:docs/phase11/PHASE11_LOAD_REPORT.md",
      "status": "PASS",
      "detail": "PASS; controlled-local; no production claim; 0 artifact(s) verified"
    },
    {
      "id": "REPORTS:docs/phase11/PHASE11_INTEGRATION_REPORT.md",
      "status": "PASS",
      "detail": "BLOCKED_EXTERNAL; controlled-local; no production claim; 0 artifact(s) verified"
    },
    {
      "id": "REPORTS:docs/phase11/PHASE11_INDEPENDENT_CRITIC.md",
      "status": "PASS",
      "detail": "PASS; controlled-local; no production claim; 0 artifact(s) verified"
    }
  ]
}


