$ npm test -- --run packages/policy-engine/src/__tests__/policy-engine-branch-hardening.test.ts packages/platform/src/__tests__/tool-invocation-boundary-hardening.test.ts packages/platform/src/__tests__/critical-safety-preflight.test.ts
# certificationId=phase11-72fa77fcda6fad8c-muv8q8tu
# candidateId=72fa77fcda6fad8cfdc893e8341cd5a6d371e9b5b2b9ef5eaa274cf3ee076267
# commit=dfe2c1dd992a96a55dd41f5c516352a82f587cbf
# treeHash=d3c0ed467fd3ad307e8665678b54c092ff9255fb3354c36da0a96d656a105569
# gate=governance_redteam
# profile=CONTROLLED_LOCAL
# databaseConfigured=false
# realEffects=disabled
# exitCode=0 durationMs=2940


> cvg-claw@1.0.0 test
> vitest run --no-file-parallelism --maxWorkers=2 --run packages/policy-engine/src/__tests__/policy-engine-branch-hardening.test.ts packages/platform/src/__tests__/tool-invocation-boundary-hardening.test.ts packages/platform/src/__tests__/critical-safety-preflight.test.ts


[1m[30m[46m RUN [49m[39m[22m [36mv4.1.11 [39m[90m/home/ricardo/cvg-claw[39m

 [32m✓[39m packages/platform/src/__tests__/critical-safety-preflight.test.ts [2m([22m[2m9 tests[22m[2m)[22m[32m 123[2mms[22m[39m
 [32m✓[39m packages/policy-engine/src/__tests__/policy-engine-branch-hardening.test.ts [2m([22m[2m9 tests[22m[2m)[22m[32m 11[2mms[22m[39m
 [32m✓[39m packages/platform/src/__tests__/tool-invocation-boundary-hardening.test.ts [2m([22m[2m9 tests[22m[2m)[22m[32m 8[2mms[22m[39m

[2m Test Files [22m [1m[32m3 passed[39m[22m[90m (3)[39m
[2m      Tests [22m [1m[32m27 passed[39m[22m[90m (27)[39m
[2m   Start at [22m 13:17:04
[2m   Duration [22m 2.54s[2m (transform 238ms, setup 0ms, import 453ms, tests 141ms, environment 1.64s)[22m



