$ node scripts/mutation-sentinel.mjs --fail-on-gaps --out=certification/phase11/mutation-raw-report.json
# certificationId=phase11-72fa77fcda6fad8c-muv8q8tu
# candidateId=72fa77fcda6fad8cfdc893e8341cd5a6d371e9b5b2b9ef5eaa274cf3ee076267
# commit=dfe2c1dd992a96a55dd41f5c516352a82f587cbf
# treeHash=d3c0ed467fd3ad307e8665678b54c092ff9255fb3354c36da0a96d656a105569
# gate=mutation_sentinel
# profile=CONTROLLED_LOCAL
# databaseConfigured=false
# realEffects=disabled
# exitCode=0 durationMs=46968

[mutation] detected       MUT-AUTH-01 packages/policy-engine/src/engine.ts
[mutation] detected       MUT-AUTH-02 packages/policy-engine/src/engine.ts
[mutation] detected       MUT-TENANT-01 apps/api/src/server/request-context.ts
[mutation] detected       MUT-FENCE-01 packages/approval-engine/src/engine.ts
[mutation] detected       MUT-APPROVAL-01 packages/approval-engine/src/engine.ts
[mutation] detected       MUT-JOURNAL-01 packages/agent-runtime/src/effect-journal.ts
[mutation] detected       MUT-EVAL-01 scripts/lib/eval-contract.mjs
[mutation] detected       MUT-EVAL-02 packages/agent-evals/src/runner.ts
[mutation] detected       MUT-EVAL-03 packages/agent-evals/src/runner.ts
[mutation] detected       MUT-EVAL-04 packages/agent-evals/src/runner.ts
[mutation] detected       MUT-EVAL-05 packages/agent-evals/src/runner.ts
[mutation] detected       MUT-EVAL-06 packages/agent-evals/src/runner.ts
[mutation] detected       MUT-EVAL-07 packages/agent-evals/src/runner.ts
[mutation] detected       MUT-EVAL-08 packages/agent-core/src/commands/classify-inbound-behavior.ts
[mutation] detected       MUT-CERT-01 scripts/lib/certification-rules.mjs
[mutation] detected       MUT-CERT-02 scripts/lib/certification-rules.mjs
[mutation] detected       MUT-A10-FACTORY-01 packages/observability/src/collector.ts
[mutation] detected       MUT-A10-FACTORY-02 packages/observability/src/collector.ts
[mutation] detected       MUT-A10-FACTORY-03 packages/observability/src/collector.ts
[mutation] detected       MUT-A10-FACTORY-04 packages/observability/src/collector.ts
[mutation] detected       MUT-A10-API-01 apps/api/src/server.ts
[mutation] detected       MUT-A10-WORKER-01 apps/worker/src/controlled-memory-runtime.ts
[mutation] detected       MUT-A10-LEDGER-01 packages/observability/src/alert-delivery-ledger.ts
[mutation] detected       MUT-A10-LEDGER-02 packages/observability/src/alert-delivery-ledger.ts
[mutation] detected       MUT-A10-DELIVERY-01 packages/observability/src/alert-delivery-ledger.ts
[mutation] detected       MUT-A10-ENGINE-01 packages/approval-engine/src/engine.ts
[mutation] status=PASS detected=26/26 notDetected=0 notApplicable=0
[mutation] reportSha256=77b10d5440e4ad7892267cee3c8dd10c365703ffff80645b1e47ecda5f6096fc


