$ npm test -- --run packages/agent-runtime/src/__tests__/runtime-execution-recovery.test.ts apps/worker/src/__tests__/outbox-recovery.test.ts apps/worker/src/__tests__/worker-sweeps.test.ts
# certificationId=phase11-f15cece0c6784845-muznvvts
# candidateId=f15cece0c6784845acf939d7ef04fca1686fc54689b8bf5606139c31814acca0
# commit=7c1fdfc488664c365b4df6423d1b81c60e27ac22
# treeHash=4cdf59ff11007f8732b59ba8ddf1759ecaaf3e4d276fb89eff7f29d67025f283
# gate=recovery
# profile=CONTROLLED_LOCAL
# databaseConfigured=false
# realEffects=disabled
# exitCode=0 durationMs=3825


> cvg-claw@1.0.0 test
> vitest run --no-file-parallelism --maxWorkers=2 --run packages/agent-runtime/src/__tests__/runtime-execution-recovery.test.ts apps/worker/src/__tests__/outbox-recovery.test.ts apps/worker/src/__tests__/worker-sweeps.test.ts


[1m[30m[46m RUN [49m[39m[22m [36mv4.1.11 [39m[90m/tmp/cvg-aud06-certification-aottnvx0/repo[39m

 [32m✓[39m packages/agent-runtime/src/__tests__/runtime-execution-recovery.test.ts [2m([22m[2m76 tests[22m[2m)[22m[32m 154[2mms[22m[39m
{"event":"worker.sweep_tick","level":"info","timestamp":"2026-10-08T15:56:10.431Z","now":"2026-09-13T00:00:00.000Z","journalReleased":1,"approvalsReleased":2,"approvalsUncertain":1,"goalsInspected":0,"goalsResumed":0,"goalsSkipped":0,"goalsCompleted":0,"goalRecoveryFailures":0,"durationMs":0,"operation":"sweep"}
{"event":"worker.metric","name":"worker_sweep_journal_released_total","value":1,"attributes":{"operation":"sweep"},"timestamp":"2026-10-08T15:56:10.433Z"}
{"event":"worker.metric","name":"worker_sweep_approvals_released_total","value":2,"attributes":{"status":"released"},"timestamp":"2026-10-08T15:56:10.433Z"}
{"event":"worker.metric","name":"worker_sweep_approvals_uncertain_total","value":1,"attributes":{"status":"uncertain"},"timestamp":"2026-10-08T15:56:10.433Z"}
{"event":"worker.metric","name":"worker_sweep_goals_inspected_total","value":0,"attributes":{"operation":"goal_recovery"},"timestamp":"2026-10-08T15:56:10.433Z"}
{"event":"worker.metric","name":"worker_sweep_goals_resumed_total","value":0,"attributes":{"operation":"goal_recovery"},"timestamp":"2026-10-08T15:56:10.433Z"}
{"event":"worker.metric","name":"worker_sweep_goals_completed_total","value":0,"attributes":{"operation":"goal_recovery"},"timestamp":"2026-10-08T15:56:10.433Z"}
{"event":"worker.metric","name":"worker_sweep_goal_recovery_failures_total","value":0,"attributes":{"operation":"goal_recovery"},"timestamp":"2026-10-08T15:56:10.433Z"}
{"event":"worker.started","level":"info","timestamp":"2026-10-08T15:56:10.435Z","workerId":"worker-sweeps-191","concurrency":2,"pollIntervalMs":5,"idleMaxBackoffMs":5000,"errorBackoffMs":500,"errorMaxBackoffMs":30000,"leaseMs":1000,"heartbeatIntervalMs":333,"drainMs":10000,"backlogProbe":true,"sweeps":true,"externalEffects":false,"durable":true}
{"event":"worker.sweep_started","level":"info","timestamp":"2026-10-08T15:56:10.435Z","intervalMs":10,"operation":"sweep"}
{"event":"worker.outbox.summary","level":"info","timestamp":"2026-10-08T15:56:10.435Z","workerId":"worker-sweeps-191","reason":"start","claimed":0,"processed":0,"failed":0,"deadLettered":0,"handoffs":0,"errors":0,"claimFailures":0,"leaseLost":0,"heartbeats":0,"idlePolls":0,"released":0,"lag":null,"inFlight":0}
{"event":"worker.metric","name":"worker_outbox_lag","value":0,"attributes":{"operation":"outbox"},"timestamp":"2026-10-08T15:56:10.436Z"}
{"event":"worker.idle_backoff","level":"debug","timestamp":"2026-10-08T15:56:10.436Z","workerId":"worker-sweeps-191","backoffMs":5,"lag":0}
{"event":"worker.idle_backoff","level":"debug","timestamp":"2026-10-08T15:56:10.441Z","workerId":"worker-sweeps-191","backoffMs":10,"lag":0}
{"event":"worker.sweep_tick","level":"info","timestamp":"2026-10-08T15:56:10.446Z","now":"2026-10-08T15:56:10.446Z","journalReleased":0,"approvalsReleased":0,"approvalsUncertain":0,"goalsInspected":0,"goalsResumed":0,"goalsSkipped":0,"goalsCompleted":0,"goalRecoveryFailures":0,"durationMs":0,"operation":"sweep"}
{"event":"worker.metric","name":"worker_sweep_journal_released_total","value":0,"attributes":{"operation":"sweep"},"timestamp":"2026-10-08T15:56:10.446Z"}
{"event":"worker.metric","name":"worker_sweep_approvals_released_total","value":0,"attributes":{"status":"released"},"timestamp":"2026-10-08T15:56:10.446Z"}
{"event":"worker.metric","name":"worker_sweep_approvals_uncertain_total","value":0,"attributes":{"status":"uncertain"},"timestamp":"2026-10-08T15:56:10.446Z"}
{"event":"worker.metric","name":"worker_sweep_goals_inspected_total","value":0,"attributes":{"operation":"goal_recovery"},"timestamp":"2026-10-08T15:56:10.446Z"}
{"event":"worker.metric","name":"worker_sweep_goals_resumed_total","value":0,"attributes":{"operation":"goal_recovery"},"timestamp":"2026-10-08T15:56:10.446Z"}
{"event":"worker.metric","name":"worker_sweep_goals_completed_total","value":0,"attributes":{"operation":"goal_recovery"},"timestamp":"2026-10-08T15:56:10.446Z"}
{"event":"worker.metric","name":"worker_sweep_goal_recovery_failures_total","value":0,"attributes":{"operation":"goal_recovery"},"timestamp":"2026-10-08T15:56:10.446Z"}
{"event":"worker.sweep_stopped","level":"info","timestamp":"2026-10-08T15:56:10.446Z","operation":"sweep"}
{"event":"worker.outbox.summary","level":"info","timestamp":"2026-10-08T15:56:10.446Z","workerId":"worker-sweeps-191","reason":"stop","claimed":0,"processed":0,"failed":0,"deadLettered":0,"handoffs":0,"errors":0,"claimFailures":0,"leaseLost":0,"heartbeats":0,"idlePolls":2,"released":0,"lag":0,"inFlight":0}
{"event":"worker.stopped","level":"info","timestamp":"2026-10-08T15:56:10.447Z","workerId":"worker-sweeps-191","drained":true,"released":0,"releaseFailed":0,"processed":0,"failed":0,"deadLettered":0,"lag":0}
 [32m✓[39m apps/worker/src/__tests__/worker-sweeps.test.ts [2m([22m[2m7 tests[22m[2m)[22m[32m 140[2mms[22m[39m
 [32m✓[39m apps/worker/src/__tests__/outbox-recovery.test.ts [2m([22m[2m5 tests[22m[2m)[22m[32m 11[2mms[22m[39m

[2m Test Files [22m [1m[32m3 passed[39m[22m[90m (3)[39m
[2m      Tests [22m [1m[32m88 passed[39m[22m[90m (88)[39m
[2m   Start at [22m 15:56:07
[2m   Duration [22m 3.41s[2m (transform 676ms, setup 0ms, import 1.17s, tests 304ms, environment 1.62s)[22m



